
> optylize-consulting@1.0.0 build
> next build

   Γû▓ Next.js 14.0.4

   Creating an optimized production build ...
node.exe : <w> [webpa
ck.cache.PackFileCach
eStrategy] Skipped 
not serializable 
cache item 'Compilati
on/modules|C:\startup
-project\optylize-web
site-main\optylize-we
bsite-main\node_modul
es\next\dist\build\we
bpack\loaders\css-loa
der\src\index.js??rul
eSet[1].rules[11].one
Of[12].use[2]!C:\star
tup-project\optylize-
website-main\optylize
-website-main\node_mo
dules\next\dist\build
\webpack\loaders\post
css-loader\src\index.
js??ruleSet[1].rules[
11].oneOf[12].use[3]!
C:\startup-project\op
tylize-website-main\o
ptylize-website-main\
app\globals.css': No 
serializer 
registered for 
PostCSSSyntaxError
At line:1 char:1
+ & "C:\Program Files
\nodejs/node.exe" 
"C:\Program 
Files\nodejs/node_mo 
...
+ ~~~~~~~~~~~~~~~~~~~
~~~~~~~~~~~~~~~~~~~~~
~~~~~~~~~~~~~~~~~~~~~
~~~~~~~~
    + CategoryInfo   
           : NotSpe  
  cified: (<w> [we   
 bpack.ca...tCSSS    
yntaxError:Strin    
g) [], RemoteExc    
eption
    + FullyQualified 
   ErrorId : Native  
  CommandError
 
<w> while 
serializing webpack/l
ib/cache/PackFileCach
eStrategy.PackContent
Items -> webpack/lib/
NormalModule -> webpa
ck/lib/ModuleBuildErr
or -> 
PostCSSSyntaxError
Failed to compile.

./app/globals.css:119
:5
Syntax error: C:\star
tup-project\optylize-
website-main\optylize
-website-main\app\glo
bals.css @apply 
should not be used 
with the 'group' 
utility

 [90m 117 | [39m
 [90m 118 | [39m  
[33m.corporate-card[
39m [33m{[39m
[1m[31m>[39m[22m
[90m 119 | [39m    
[36m@apply[39m 
bg-card border 
border-border p-8 
transition-all 
duration-300 hover[3
3m:[39mshadow-lg hov
er[33m:[39mborder-a
ccent/20 group 
relative overflow-hid
den[33m;[39m
 [90m     | [39m   
 [1m[31m^[39m[22m
 [90m 120 | [39m  
[33m}[39m
 [90m 121 | [39m

./app/globals.css
Syntax error: C:\star
tup-project\optylize-
website-main\optylize
-website-main\app\glo
bals.css @apply 
should not be used 
with the 'group' 
utility (119:5)

 [90m 117 | [39m
 [90m 118 | [39m  
[33m.corporate-card[
39m [33m{[39m
[1m[31m>[39m[22m
[90m 119 | [39m    
[36m@apply[39m 
bg-card border 
border-border p-8 
transition-all 
duration-300 hover[3
3m:[39mshadow-lg hov
er[33m:[39mborder-a
ccent/20 group 
relative overflow-hid
den[33m;[39m
 [90m     | [39m   
 [1m[31m^[39m[22m
 [90m 120 | [39m  
[33m}[39m
 [90m 121 | [39m

    at 
tryRunOrWebpackError 
(C:\startup-project\o
ptylize-website-main\
optylize-website-main
\node_modules\next\di
st\compiled\webpack\b
undle5.js:28:311563)
    at __webpack_requ
ire_module__ (C:\star
tup-project\optylize-
website-main\optylize
-website-main\node_mo
dules\next\dist\compi
led\webpack\bundle5.j
s:28:131195)
    at __nested_webpa
ck_require_153754__ (
C:\startup-project\op
tylize-website-main\o
ptylize-website-main\
node_modules\next\dis
t\compiled\webpack\bu
ndle5.js:28:130634)
    at C:\startup-pro
ject\optylize-website
-main\optylize-websit
e-main\node_modules\n
ext\dist\compiled\web
pack\bundle5.js:28:13
1487
    at 
symbolIterator (C:\st
artup-project\optyliz
e-website-main\optyli
ze-website-main\node_
modules\next\dist\com
piled\neo-async\async
.js:1:14444)
    at done (C:\start
up-project\optylize-w
ebsite-main\optylize-
website-main\node_mod
ules\next\dist\compil
ed\neo-async\async.js
:1:14824)
    at Hook.eval [as 
callAsync] (eval at 
create (C:\startup-pr
oject\optylize-websit
e-main\optylize-websi
te-main\node_modules\
next\dist\compiled\we
bpack\bundle5.js:13:2
8867), 
<anonymous>:15:1)
    at Hook.CALL_ASYN
C_DELEGATE [as 
_callAsync] (C:\start
up-project\optylize-w
ebsite-main\optylize-
website-main\node_mod
ules\next\dist\compil
ed\webpack\bundle5.js
:13:26021)
    at C:\startup-pro
ject\optylize-website
-main\optylize-websit
e-main\node_modules\n
ext\dist\compiled\web
pack\bundle5.js:28:13
0354
    at 
symbolIterator (C:\st
artup-project\optyliz
e-website-main\optyli
ze-website-main\node_
modules\next\dist\com
piled\neo-async\async
.js:1:14402)
-- inner error --
Syntax error: C:\star
tup-project\optylize-
website-main\optylize
-website-main\app\glo
bals.css @apply 
should not be used 
with the 'group' 
utility (119:5)

 [90m 117 | [39m
 [90m 118 | [39m  
[33m.corporate-card[
39m [33m{[39m
[1m[31m>[39m[22m
[90m 119 | [39m    
[36m@apply[39m 
bg-card border 
border-border p-8 
transition-all 
duration-300 hover[3
3m:[39mshadow-lg hov
er[33m:[39mborder-a
ccent/20 group 
relative overflow-hid
den[33m;[39m
 [90m     | [39m   
 [1m[31m^[39m[22m
 [90m 120 | [39m  
[33m}[39m
 [90m 121 | [39m

    at 
Object.<anonymous> (C
:\startup-project\opt
ylize-website-main\op
tylize-website-main\n
ode_modules\next\dist
\build\webpack\loader
s\css-loader\src\inde
x.js??ruleSet[1].rule
s[11].oneOf[12].use[2
]!C:\startup-project\
optylize-website-main
\optylize-website-mai
n\node_modules\next\d
ist\build\webpack\loa
ders\postcss-loader\s
rc\index.js??ruleSet[
1].rules[11].oneOf[12
].use[3]!C:\startup-p
roject\optylize-websi
te-main\optylize-webs
ite-main\app\globals.
css:1:7)
    at C:\startup-pro
ject\optylize-website
-main\optylize-websit
e-main\node_modules\n
ext\dist\compiled\web
pack\bundle5.js:28:91
5116
    at Hook.eval [as 
call] (eval at 
create (C:\startup-pr
oject\optylize-websit
e-main\optylize-websi
te-main\node_modules\
next\dist\compiled\we
bpack\bundle5.js:13:2
8645), 
<anonymous>:7:1)
    at 
Hook.CALL_DELEGATE 
[as _call] (C:\startu
p-project\optylize-we
bsite-main\optylize-w
ebsite-main\node_modu
les\next\dist\compile
d\webpack\bundle5.js:
13:25915)
    at C:\startup-pro
ject\optylize-website
-main\optylize-websit
e-main\node_modules\n
ext\dist\compiled\web
pack\bundle5.js:28:13
1228
    at 
tryRunOrWebpackError 
(C:\startup-project\o
ptylize-website-main\
optylize-website-main
\node_modules\next\di
st\compiled\webpack\b
undle5.js:28:311517)
    at __webpack_requ
ire_module__ (C:\star
tup-project\optylize-
website-main\optylize
-website-main\node_mo
dules\next\dist\compi
led\webpack\bundle5.j
s:28:131195)
    at __nested_webpa
ck_require_153754__ (
C:\startup-project\op
tylize-website-main\o
ptylize-website-main\
node_modules\next\dis
t\compiled\webpack\bu
ndle5.js:28:130634)
    at C:\startup-pro
ject\optylize-website
-main\optylize-websit
e-main\node_modules\n
ext\dist\compiled\web
pack\bundle5.js:28:13
1487
    at 
symbolIterator (C:\st
artup-project\optyliz
e-website-main\optyli
ze-website-main\node_
modules\next\dist\com
piled\neo-async\async
.js:1:14444)

Generated code for C:
\startup-project\opty
lize-website-main\opt
ylize-website-main\no
de_modules\next\dist\
build\webpack\loaders
\css-loader\src\index
.js??ruleSet[1].rules
[11].oneOf[12].use[2]
!C:\startup-project\o
ptylize-website-main\
optylize-website-main
\node_modules\next\di
st\build\webpack\load
ers\postcss-loader\sr
c\index.js??ruleSet[1
].rules[11].oneOf[12]
.use[3]!C:\startup-pr
oject\optylize-websit
e-main\optylize-websi
te-main\app\globals.c
ss

Import trace for 
requested module:
./app/globals.css


> Build failed 
because of webpack 
errors
